#
# There is insufficient memory for the Java Runtime Environment to continue.
# Native memory allocation (mmap) failed to map 264241152 bytes for G1 virtual space
# Possible reasons:
#   The system is out of physical RAM or swap space
#   The process is running with CompressedOops enabled, and the Java Heap may be blocking the growth of the native heap
# Possible solutions:
#   Reduce memory load on the system
#   Increase physical memory or swap space
#   Check if swap backing store is full
#   Decrease Java heap size (-Xmx/-Xms)
#   Decrease number of Java threads
#   Decrease Java thread stack sizes (-Xss)
#   Set larger code cache with -XX:ReservedCodeCacheSize=
#   JVM is running with Zero Based Compressed Oops mode in which the Java heap is
#     placed in the first 32GB address space. The Java Heap base address is the
#     maximum limit for the native heap growth. Please use -XX:HeapBaseMinAddress
#     to set the Java Heap base and to place the Java Heap above 32GB virtual address.
# This output file may be truncated or incomplete.
#
#  Out of Memory Error (os_windows.cpp:3825), pid=25240, tid=18956
#
# JRE version:  (17.0.9+8) (build )
# Java VM: OpenJDK 64-Bit Server VM (17.0.9+8-b1166.2, mixed mode, emulated-client, sharing, tiered, compressed oops, compressed class ptrs, g1 gc, windows-amd64)
# No core dump will be written. Minidumps are not enabled by default on client versions of Windows
#

---------------  S U M M A R Y ------------

Command Line: -XX:TieredStopAtLevel=1 -Dspring.output.ansi.enabled=always -Dcom.sun.management.jmxremote -Dspring.jmx.enabled=true -Dspring.liveBeansView.mbeanDomain -Dspring.application.admin.enabled=true -Dmanagement.endpoints.jmx.exposure.include=* -javaagent:C:\Program Files\JetBrains\IntelliJ IDEA 2023.3.2\lib\idea_rt.jar=64971:C:\Program Files\JetBrains\IntelliJ IDEA 2023.3.2\bin -Dfile.encoding=UTF-8 tn.esprit.apigateway.ApiGatewayApplication

Host: 11th Gen Intel(R) Core(TM) i5-11400H @ 2.70GHz, 12 cores, 15G,  Windows 11 , 64 bit Build 22621 (10.0.22621.4974)
Time: Tue Apr 15 23:49:58 2025 W. Central Africa Standard Time elapsed time: 0.007946 seconds (0d 0h 0m 0s)

---------------  T H R E A D  ---------------

Current thread (0x00000211f0f80d10):  JavaThread "Unknown thread" [_thread_in_vm, id=18956, stack(0x000000a203e00000,0x000000a203f00000)]

Stack: [0x000000a203e00000,0x000000a203f00000]
Native frames: (J=compiled Java code, j=interpreted, Vv=VM code, C=native code)
V  [jvm.dll+0x688349]  os::platform_print_native_stack+0xd9  (os_windows_x86.cpp:235)
V  [jvm.dll+0x841bfa]  VMError::report+0xc6a  (vmError.cpp:855)
V  [jvm.dll+0x84383e]  VMError::report_and_die+0x78e  (vmError.cpp:1749)
V  [jvm.dll+0x843ea3]  VMError::report_and_die+0x43  (vmError.cpp:1535)
V  [jvm.dll+0x24bdef]  report_vm_out_of_memory+0x8f  (debug.cpp:321)
V  [jvm.dll+0x6850f9]  os::pd_commit_memory_or_exit+0xc9  (os_windows.cpp:3833)
V  [jvm.dll+0x67988a]  os::commit_memory_or_exit+0x2a  (os.cpp:1739)
V  [jvm.dll+0x30cbfb]  G1PageBasedVirtualSpace::commit+0x19b  (g1PageBasedVirtualSpace.cpp:204)
V  [jvm.dll+0x3140a6]  G1RegionsLargerThanCommitSizeMapper::commit_regions+0x96  (g1RegionToSpaceMapper.cpp:100)
V  [jvm.dll+0x363ede]  HeapRegionManager::expand_any+0xee  (heapRegionManager.cpp:363)
V  [jvm.dll+0x36410f]  HeapRegionManager::expand_by+0x7f  (heapRegionManager.cpp:380)
V  [jvm.dll+0x2e29c8]  G1CollectedHeap::expand+0xb8  (g1CollectedHeap.cpp:1298)
V  [jvm.dll+0x2e3934]  G1CollectedHeap::initialize+0x664  (g1CollectedHeap.cpp:1719)
V  [jvm.dll+0x812771]  universe_init+0xb1  (universe.cpp:736)
V  [jvm.dll+0x371d41]  init_globals+0x31  (init.cpp:124)
V  [jvm.dll+0x7f12bc]  Threads::create_vm+0x60c  (thread.cpp:2909)
V  [jvm.dll+0x3f59cf]  JNI_CreateJavaVM_inner+0x8f  (jni.cpp:3635)
V  [jvm.dll+0x3f7601]  JNI_CreateJavaVM+0x11  (jni.cpp:3727)
C  [jli.dll+0x528f]  JavaMain+0x113  (java.c:413)
C  [ucrtbase.dll+0x29333]
C  [KERNEL32.DLL+0x1259d]
C  [ntdll.dll+0x5af38]


---------------  P R O C E S S  ---------------

Threads class SMR info:
_java_thread_list=0x00007ffc4870df18, length=0, elements={
}

Java Threads: ( => current thread )

Other Threads:
  0x00000211f0fee2f0 GCTaskThread "GC Thread#0" [stack: 0x000000a203f00000,0x000000a204000000] [id=5728]
  0x00000211f0fff410 ConcurrentGCThread "G1 Main Marker" [stack: 0x000000a204000000,0x000000a204100000] [id=16364]
  0x00000211f0fffe30 ConcurrentGCThread "G1 Conc#0" [stack: 0x000000a204100000,0x000000a204200000] [id=22448]

[error occurred during error reporting (printing all threads), id 0xc0000005, EXCEPTION_ACCESS_VIOLATION (0xc0000005) at pc=0x00007ffc47ec3597]

VM state: not at safepoint (not fully initialized)

VM Mutex/Monitor currently owned by a thread:  ([mutex/lock_event])
[0x00000211f0f7e390] Heap_lock - owner thread: 0x00000211f0f80d10

Heap address: 0x0000000704400000, size: 4028 MB, Compressed Oops mode: Zero based, Oop shift amount: 3

CDS archive(s) mapped at: [0x0000000000000000-0x0000000000000000-0x0000000000000000), size 0, SharedBaseAddress: 0x0000000800000000, ArchiveRelocationMode: 1.
Narrow klass base: 0x0000000000000000, Narrow klass shift: 0, Narrow klass range: 0x0

GC Precious Log:
<Empty>

Heap:
 garbage-first heap   total 0K, used 0K [0x0000000704400000, 0x0000000800000000)
  region size 2048K, 0 young (0K), 0 survivors (0K)
 Metaspace       used 0K, committed 0K, reserved 0K
  class space    used 0K, committed 0K, reserved 0K

Heap Regions: E=young(eden), S=young(survivor), O=old, HS=humongous(starts), HC=humongous(continues), CS=collection set, F=free, OA=open archive, CA=closed archive, TAMS=top-at-mark-start (previous, next)

Card table byte_map: [0x00000211f8240000,0x00000211f8a20000] _byte_map_base: 0x00000211f4a1e000

Marking Bits (Prev, Next): (CMBitMap*) 0x00000211f0fee910, (CMBitMap*) 0x00000211f0fee950
 Prev Bits: [0x00000211f9200000, 0x00000211fd0f0000)
 Next Bits: [0x0000021180000000, 0x0000021183ef0000)

GC Heap History (0 events):
No events

Dll operation events (1 events):
Event: 0.005 Loaded shared library C:\Users\21629\.jdks\jbr-17.0.9-1\bin\java.dll

Deoptimization events (0 events):
No events

Classes unloaded (0 events):
No events

Classes redefined (0 events):
No events

Internal exceptions (0 events):
No events

VM Operations (0 events):
No events

Events (0 events):
No events


Dynamic libraries:
0x00007ff7a5080000 - 0x00007ff7a508a000 	C:\Users\21629\.jdks\jbr-17.0.9-1\bin\java.exe
0x00007ffecbdf0000 - 0x00007ffecc007000 	C:\Windows\SYSTEM32\ntdll.dll
0x00007ffecade0000 - 0x00007ffecaea4000 	C:\Windows\System32\KERNEL32.DLL
0x00007ffec9380000 - 0x00007ffec9751000 	C:\Windows\System32\KERNELBASE.dll
0x00007ffec90f0000 - 0x00007ffec9201000 	C:\Windows\System32\ucrtbase.dll
0x00007ffc48910000 - 0x00007ffc48927000 	C:\Users\21629\.jdks\jbr-17.0.9-1\bin\jli.dll
0x00007ffc488f0000 - 0x00007ffc4890b000 	C:\Users\21629\.jdks\jbr-17.0.9-1\bin\VCRUNTIME140.dll
0x00007ffecb0b0000 - 0x00007ffecb261000 	C:\Windows\System32\USER32.dll
0x00007ffec9760000 - 0x00007ffec9786000 	C:\Windows\System32\win32u.dll
0x00007ffeb2ab0000 - 0x00007ffeb2d42000 	C:\Windows\WinSxS\amd64_microsoft.windows.common-controls_6595b64144ccf1df_6.0.22621.4830_none_270fe7d773858e80\COMCTL32.dll
0x00007ffecb080000 - 0x00007ffecb0a9000 	C:\Windows\System32\GDI32.dll
0x00007ffecafc0000 - 0x00007ffecb067000 	C:\Windows\System32\msvcrt.dll
0x00007ffec9830000 - 0x00007ffec994b000 	C:\Windows\System32\gdi32full.dll
0x00007ffec9790000 - 0x00007ffec982a000 	C:\Windows\System32\msvcp_win.dll
0x00007ffeca730000 - 0x00007ffeca761000 	C:\Windows\System32\IMM32.DLL
0x00007ffe84390000 - 0x00007ffe8439c000 	C:\Users\21629\.jdks\jbr-17.0.9-1\bin\vcruntime140_1.dll
0x00007ffc48860000 - 0x00007ffc488ed000 	C:\Users\21629\.jdks\jbr-17.0.9-1\bin\msvcp140.dll
0x00007ffc47bd0000 - 0x00007ffc48852000 	C:\Users\21629\.jdks\jbr-17.0.9-1\bin\server\jvm.dll
0x00007ffecbc90000 - 0x00007ffecbd41000 	C:\Windows\System32\ADVAPI32.dll
0x00007ffecac10000 - 0x00007ffecacb7000 	C:\Windows\System32\sechost.dll
0x00007ffec9350000 - 0x00007ffec9378000 	C:\Windows\System32\bcrypt.dll
0x00007ffecacc0000 - 0x00007ffecadd4000 	C:\Windows\System32\RPCRT4.dll
0x00007ffec06e0000 - 0x00007ffec06e9000 	C:\Windows\SYSTEM32\WSOCK32.dll
0x00007ffec7de0000 - 0x00007ffec7e2d000 	C:\Windows\SYSTEM32\POWRPROF.dll
0x00007ffeca1e0000 - 0x00007ffeca251000 	C:\Windows\System32\WS2_32.dll
0x00007ffec09d0000 - 0x00007ffec0a04000 	C:\Windows\SYSTEM32\WINMM.dll
0x00007ffebe8d0000 - 0x00007ffebe8da000 	C:\Windows\SYSTEM32\VERSION.dll
0x00007ffec7dc0000 - 0x00007ffec7dd3000 	C:\Windows\SYSTEM32\UMPDC.dll
0x00007ffec8070000 - 0x00007ffec8088000 	C:\Windows\SYSTEM32\kernel.appcore.dll
0x00007ffe81c70000 - 0x00007ffe81c7a000 	C:\Users\21629\.jdks\jbr-17.0.9-1\bin\jimage.dll
0x00007ffec68d0000 - 0x00007ffec6b02000 	C:\Windows\SYSTEM32\DBGHELP.DLL
0x00007ffec9e50000 - 0x00007ffeca1e0000 	C:\Windows\System32\combase.dll
0x00007ffec9ac0000 - 0x00007ffec9b97000 	C:\Windows\System32\OLEAUT32.dll
0x00007ffeb9740000 - 0x00007ffeb9772000 	C:\Windows\SYSTEM32\dbgcore.DLL
0x00007ffec92d0000 - 0x00007ffec934b000 	C:\Windows\System32\bcryptPrimitives.dll
0x00007ffea5800000 - 0x00007ffea580e000 	C:\Users\21629\.jdks\jbr-17.0.9-1\bin\instrument.dll
0x00007ffc47ba0000 - 0x00007ffc47bc5000 	C:\Users\21629\.jdks\jbr-17.0.9-1\bin\java.dll

dbghelp: loaded successfully - version: 4.0.5 - missing functions: none
symbol engine: initialized successfully - sym options: 0x614 - pdb path: .;C:\Users\21629\.jdks\jbr-17.0.9-1\bin;C:\Windows\SYSTEM32;C:\Windows\WinSxS\amd64_microsoft.windows.common-controls_6595b64144ccf1df_6.0.22621.4830_none_270fe7d773858e80;C:\Users\21629\.jdks\jbr-17.0.9-1\bin\server

VM Arguments:
jvm_args: -XX:TieredStopAtLevel=1 -Dspring.output.ansi.enabled=always -Dcom.sun.management.jmxremote -Dspring.jmx.enabled=true -Dspring.liveBeansView.mbeanDomain -Dspring.application.admin.enabled=true -Dmanagement.endpoints.jmx.exposure.include=* -javaagent:C:\Program Files\JetBrains\IntelliJ IDEA 2023.3.2\lib\idea_rt.jar=64971:C:\Program Files\JetBrains\IntelliJ IDEA 2023.3.2\bin -Dfile.encoding=UTF-8 
java_command: tn.esprit.apigateway.ApiGatewayApplication
java_class_path (initial): C:\Users\21629\Desktop\ESPRIT\4arctic\Pi_Dev\PetAppMicroservices\ApiGateway\target\classes;C:\Users\21629\.m2\repository\org\springframework\boot\spring-boot-starter-actuator\3.4.4\spring-boot-starter-actuator-3.4.4.jar;C:\Users\21629\.m2\repository\org\springframework\boot\spring-boot-starter\3.4.4\spring-boot-starter-3.4.4.jar;C:\Users\21629\.m2\repository\org\springframework\boot\spring-boot\3.4.4\spring-boot-3.4.4.jar;C:\Users\21629\.m2\repository\org\springframework\spring-context\6.2.5\spring-context-6.2.5.jar;C:\Users\21629\.m2\repository\org\springframework\boot\spring-boot-autoconfigure\3.4.4\spring-boot-autoconfigure-3.4.4.jar;C:\Users\21629\.m2\repository\org\springframework\boot\spring-boot-starter-logging\3.4.4\spring-boot-starter-logging-3.4.4.jar;C:\Users\21629\.m2\repository\ch\qos\logback\logback-classic\1.5.18\logback-classic-1.5.18.jar;C:\Users\21629\.m2\repository\ch\qos\logback\logback-core\1.5.18\logback-core-1.5.18.jar;C:\Users\21629\.m2\repository\org\apache\logging\log4j\log4j-to-slf4j\2.24.3\log4j-to-slf4j-2.24.3.jar;C:\Users\21629\.m2\repository\org\apache\logging\log4j\log4j-api\2.24.3\log4j-api-2.24.3.jar;C:\Users\21629\.m2\repository\org\slf4j\jul-to-slf4j\2.0.17\jul-to-slf4j-2.0.17.jar;C:\Users\21629\.m2\repository\jakarta\annotation\jakarta.annotation-api\2.1.1\jakarta.annotation-api-2.1.1.jar;C:\Users\21629\.m2\repository\org\yaml\snakeyaml\2.3\snakeyaml-2.3.jar;C:\Users\21629\.m2\repository\org\springframework\boot\spring-boot-actuator-autoconfigure\3.4.4\spring-boot-actuator-autoconfigure-3.4.4.jar;C:\Users\21629\.m2\repository\org\springframework\boot\spring-boot-actuator\3.4.4\spring-boot-actuator-3.4.4.jar;C:\Users\21629\.m2\repository\com\fasterxml\jackson\datatype\jackson-datatype-jsr310\2.18.3\jackson-datatype-jsr310-2.18.3.jar;C:\Users\21629\.m2\repository\io\micrometer\micrometer-observation\1.14.5\micrometer-observation-1.14.5.jar;C:\Users\21629\.m2\repository\io\micrometer\micrometer-commons\1
Launcher Type: SUN_STANDARD

[Global flags]
     intx CICompilerCount                          = 4                                         {product} {ergonomic}
     uint ConcGCThreads                            = 3                                         {product} {ergonomic}
     uint G1ConcRefinementThreads                  = 10                                        {product} {ergonomic}
   size_t G1HeapRegionSize                         = 2097152                                   {product} {ergonomic}
    uintx GCDrainStackTargetSize                   = 64                                        {product} {ergonomic}
   size_t InitialHeapSize                          = 264241152                                 {product} {ergonomic}
     bool ManagementServer                         = true                                      {product} {command line}
   size_t MarkStackSize                            = 4194304                                   {product} {ergonomic}
   size_t MaxHeapSize                              = 4223664128                                {product} {ergonomic}
   size_t MinHeapDeltaBytes                        = 2097152                                   {product} {ergonomic}
   size_t MinHeapSize                              = 8388608                                   {product} {ergonomic}
    uintx NonProfiledCodeHeapSize                  = 0                                      {pd product} {ergonomic}
     bool ProfileInterpreter                       = false                                  {pd product} {command line}
    uintx ProfiledCodeHeapSize                     = 0                                      {pd product} {ergonomic}
   size_t SoftMaxHeapSize                          = 4223664128                             {manageable} {ergonomic}
     intx TieredStopAtLevel                        = 1                                         {product} {command line}
     bool UseCompressedClassPointers               = true                           {product lp64_product} {ergonomic}
     bool UseCompressedOops                        = true                           {product lp64_product} {ergonomic}
     bool UseG1GC                                  = true                                      {product} {ergonomic}
     bool UseLargePagesIndividualAllocation        = false                                  {pd product} {ergonomic}

Logging:
Log output configuration:
 #0: stdout all=warning uptime,level,tags
 #1: stderr all=off uptime,level,tags

Environment Variables:
JAVA_HOME=C:\Program Files\Java\jdk-17
PATH=C:\Program Files\NVIDIA GPU Computing Toolkit\CUDA\v11.2\bin;C:\Program Files\NVIDIA GPU Computing Toolkit\CUDA\v11.2\libnvvp;C:\Program Files\NVIDIA\CUDNN\v9.8\bin;C:\Users\21629\AppData\Local\Programs\Python\Python313\Scripts\;C:\Program Files\Microsoft SDKs\Azure\CLI2\wbin;C:\oraclexe\app\oracle\product\10.2.0\server\bin;C:\Program Files (x86)\VMware\VMware Workstation\bin\;C:\Windows\System32;C:\Windows;C:\Program Files;C:\Program Files (x86);C:\Program Files\Git\bin;C:\Program Files\Git\cmd;C:\Program Files\Oracle\VirtualBox;C:\Program Files (x86)\Xaamp\php\php.exe;C:\Program Files (x86)\Xaamp\php\php.exe;C:\Program Files\Microsoft SQL Server\150\Tools\Binn\;C:\Program Files\Microsoft SQL Server\Client SDK\ODBC\170\Tools\Binn\;C:\Program Files\dotnet\;C:\Program Files (x86)\terraform\;C:\Program Files\NVIDIA Corporation\NVIDIA app\NvDLISR;C:\Program Files (x86)\NVIDIA Corporation\PhysX\Common;C:\Program Files\NVIDIA Corporation\Nsight Compute 2020.3.0\;C:\Users\21629\AppData\Local\Programs\Python\Python310\Scripts\;C:\Users\21629\AppData\Local\Programs\Python\Python310\;C:\Users\21629\AppData\Local\Microsoft\WindowsApps;C:\Users\21629\AppData\Local\Programs\Microsoft VS Code\bin;C:\Users\21629\AppData\Roaming\npm;C:\Program Files\JetBrains\IntelliJ IDEA 2023.3.2\bin;;C:\Program Files\mongosh\;C:\Users\21629\AppData\Roaming\Composer\vendor\bin;C:\Users\21629\AppData\Roaming\nvm;C:\Program Files\nodejs;C:\Program Files\Git\bin;C:\Program Files\Git\cmd;C:\Users\21629\Downloads\php-8.3.8-Win32-vs16-x64\php.exe;C:\Program Files\Java\jdk-17\bin;C:\Users\21629\.dotnet\tools;C:\Windows\System32\WindowsPowerShell\v1.0\;C:\Program Files (x86)\terraform\;C:\Program Files\NVIDIA GPU Computing Toolkit\CUDA\v11.2\bin;C:\Program Files\NVIDIA GPU Computing Toolkit\CUDA\v11.2\libnvvp;
USERNAME=21629
OS=Windows_NT
PROCESSOR_IDENTIFIER=Intel64 Family 6 Model 141 Stepping 1, GenuineIntel
TMP=C:\Users\21629\AppData\Local\Temp
TEMP=C:\Users\21629\AppData\Local\Temp



Periodic native trim disabled

JNI global refs:
JNI global refs: 0, weak refs: 0

JNI global refs memory usage: 0, weak refs: 0

OOME stack traces (most recent first):
Classloader memory used:


---------------  S Y S T E M  ---------------

OS:
 Windows 11 , 64 bit Build 22621 (10.0.22621.4974)
OS uptime: 2 days 11:30 hours

CPU: total 12 (initial active 12) (6 cores per cpu, 2 threads per core) family 6 model 141 stepping 1 microcode 0x50, cx8, cmov, fxsr, ht, mmx, 3dnowpref, sse, sse2, sse3, ssse3, sse4.1, sse4.2, popcnt, lzcnt, tsc, tscinvbit, avx, avx2, aes, erms, clmul, bmi1, bmi2, adx, avx512f, avx512dq, avx512cd, avx512bw, avx512vl, sha, fma, vzeroupper, avx512_vpopcntdq, avx512_vpclmulqdq, avx512_vaes, avx512_vnni, clflush, clflushopt, clwb, avx512_vbmi2, avx512_vbmi
Processor Information for all 12 processors :
  Max Mhz: 2688, Current Mhz: 2688, Mhz Limit: 2688

Memory: 4k page, system-wide physical 16106M (1629M free)
TotalPageFile size 29295M (AvailPageFile size 197M)
current process WorkingSet (physical memory assigned to process): 45M, peak: 45M
current process commit charge ("private bytes"): 93M, peak: 311M

vm_info: OpenJDK 64-Bit Server VM (17.0.9+8-b1166.2) for windows-amd64 JRE (17.0.9+8-b1166.2), built on 2024-01-13 by "builduser" with MS VC++ 16.10 / 16.11 (VS2019)

END.
